2026-09-23T21:03:27 (local time)	20260907-_OZ80093.NEF	ProcessVersion=15.4	keys=177	CameraProfile=Camera Neutral	LensProfileDigest=BDFADD245438D5343CC1F5F75E7E8232	LensProfileDistortionScale=100	LensProfileEnable=1	LensProfileIsEmbedded=true	LensProfileName=Camera Settings	LensProfileSetup=LensDefaults	LensProfileVignettingScale=100
2026-09-23T21:04:27 (local time)	20260110-_Z8A0138-DxO_DeepPRIME XD3.dng	ProcessVersion=15.4	keys=173	CameraProfile=Group: Camera Standard	LensProfileEnable=0	LensProfileSetup=LensDefaults
2026-09-23T21:07:12 (local time)	20260907-_OZ80093.NEF	ProcessVersion=15.4	keys=178	CameraProfile=Adobe Standard	LensProfileDigest=BDFADD245438D5343CC1F5F75E7E8232	LensProfileDistortionScale=100	LensProfileEnable=1	LensProfileIsEmbedded=true	LensProfileName=Camera Settings	LensProfileSetup=LensDefaults	LensProfileVignettingScale=100
2026-09-23T21:07:42 (local time)	20260907-_OZ80093.NEF	ProcessVersion=15.4	keys=160	CameraProfile=Adobe Standard	LensProfileDigest=BDFADD245438D5343CC1F5F75E7E8232	LensProfileDistortionScale=100	LensProfileEnable=1	LensProfileIsEmbedded=true	LensProfileName=Camera Settings	LensProfileSetup=LensDefaults	LensProfileVignettingScale=100
2026-09-23T21:07:55 (local time)	20260907-_OZ80093.NEF	ProcessVersion=15.4	keys=178	CameraProfile=Adobe Standard	LensProfileDigest=BDFADD245438D5343CC1F5F75E7E8232	LensProfileDistortionScale=100	LensProfileEnable=1	LensProfileIsEmbedded=true	LensProfileName=Camera Settings	LensProfileSetup=LensDefaults	LensProfileVignettingScale=100
2026-09-23T21:08:05 (local time)	20260907-_OZ80093.NEF	ProcessVersion=15.4	keys=178	CameraProfile=Adobe Standard	LensProfileDigest=BDFADD245438D5343CC1F5F75E7E8232	LensProfileDistortionScale=100	LensProfileEnable=1	LensProfileIsEmbedded=true	LensProfileName=Camera Settings	LensProfileSetup=LensDefaults	LensProfileVignettingScale=100
2026-09-23T21:08:14 (local time)	20260907-_OZ80093.NEF	ProcessVersion=15.4	keys=178	CameraProfile=Adobe Standard	LensProfileDigest=BDFADD245438D5343CC1F5F75E7E8232	LensProfileDistortionScale=100	LensProfileEnable=1	LensProfileIsEmbedded=true	LensProfileName=Camera Settings	LensProfileSetup=LensDefaults	LensProfileVignettingScale=100
2026-09-23T21:08:25 (local time)	20260907-_OZ80093.NEF	ProcessVersion=15.4	keys=177	CameraProfile=Adobe Standard	LensProfileDigest=BDFADD245438D5343CC1F5F75E7E8232	LensProfileDistortionScale=100	LensProfileEnable=1	LensProfileIsEmbedded=true	LensProfileName=Camera Settings	LensProfileSetup=LensDefaults	LensProfileVignettingScale=100
2026-09-23T21:08:33 (local time)	20260907-_OZ80093.NEF	ProcessVersion=15.4	keys=178	CameraProfile=Adobe Standard	LensProfileDigest=BDFADD245438D5343CC1F5F75E7E8232	LensProfileDistortionScale=100	LensProfileEnable=1	LensProfileIsEmbedded=true	LensProfileName=Camera Settings	LensProfileSetup=LensDefaults	LensProfileVignettingScale=100
2026-09-23T21:09:38 (local time)	20260907-_OZ80093.NEF	ProcessVersion=15.4	keys=177	CameraProfile=Group: Camera Flat	LensProfileDigest=BDFADD245438D5343CC1F5F75E7E8232	LensProfileDistortionScale=100	LensProfileEnable=1	LensProfileIsEmbedded=true	LensProfileName=Camera Settings	LensProfileSetup=LensDefaults	LensProfileVignettingScale=100
2026-09-23T21:09:50 (local time)	20260907-_OZ80093.NEF	ProcessVersion=15.4	keys=177	CameraProfile=Camera Flexible Color	LensProfileDigest=BDFADD245438D5343CC1F5F75E7E8232	LensProfileDistortionScale=100	LensProfileEnable=1	LensProfileIsEmbedded=true	LensProfileName=Camera Settings	LensProfileSetup=LensDefaults	LensProfileVignettingScale=100
2026-09-23T21:10:05 (local time)	20260907-_OZ80093.NEF	ProcessVersion=15.4	keys=177	CameraProfile=Camera Landscape	LensProfileDigest=BDFADD245438D5343CC1F5F75E7E8232	LensProfileDistortionScale=100	LensProfileEnable=1	LensProfileIsEmbedded=true	LensProfileName=Camera Settings	LensProfileSetup=LensDefaults	LensProfileVignettingScale=100
2026-09-23T21:10:23 (local time)	20260907-_OZ80093.NEF	ProcessVersion=15.4	keys=177	CameraProfile=Camera Neutral	LensProfileDigest=BDFADD245438D5343CC1F5F75E7E8232	LensProfileDistortionScale=100	LensProfileEnable=1	LensProfileIsEmbedded=true	LensProfileName=Camera Settings	LensProfileSetup=LensDefaults	LensProfileVignettingScale=100
2026-09-23T21:10:32 (local time)	20260907-_OZ80093.NEF	ProcessVersion=15.4	keys=177	CameraProfile=Camera Portrait	LensProfileDigest=BDFADD245438D5343CC1F5F75E7E8232	LensProfileDistortionScale=100	LensProfileEnable=1	LensProfileIsEmbedded=true	LensProfileName=Camera Settings	LensProfileSetup=LensDefaults	LensProfileVignettingScale=100
2026-09-23T21:10:39 (local time)	20260907-_OZ80093.NEF	ProcessVersion=15.4	keys=177	CameraProfile=Camera Rich Tone Portrait	LensProfileDigest=BDFADD245438D5343CC1F5F75E7E8232	LensProfileDistortionScale=100	LensProfileEnable=1	LensProfileIsEmbedded=true	LensProfileName=Camera Settings	LensProfileSetup=LensDefaults	LensProfileVignettingScale=100
2026-09-23T21:10:47 (local time)	20260907-_OZ80093.NEF	ProcessVersion=15.4	keys=177	CameraProfile=Group: Camera Standard	LensProfileDigest=BDFADD245438D5343CC1F5F75E7E8232	LensProfileDistortionScale=100	LensProfileEnable=1	LensProfileIsEmbedded=true	LensProfileName=Camera Settings	LensProfileSetup=LensDefaults	LensProfileVignettingScale=100
2026-09-23T21:10:56 (local time)	20260907-_OZ80093.NEF	ProcessVersion=15.4	keys=177	CameraProfile=Camera Vivid	LensProfileDigest=BDFADD245438D5343CC1F5F75E7E8232	LensProfileDistortionScale=100	LensProfileEnable=1	LensProfileIsEmbedded=true	LensProfileName=Camera Settings	LensProfileSetup=LensDefaults	LensProfileVignettingScale=100
2026-09-23T21:11:07 (local time)	20260907-_OZ80093.NEF	ProcessVersion=15.4	keys=159	CameraProfile=Camera Deep Tone Monochrome	LensProfileDigest=BDFADD245438D5343CC1F5F75E7E8232	LensProfileDistortionScale=100	LensProfileEnable=1	LensProfileIsEmbedded=true	LensProfileName=Camera Settings	LensProfileSetup=LensDefaults	LensProfileVignettingScale=100
2026-09-23T21:11:17 (local time)	20260907-_OZ80093.NEF	ProcessVersion=15.4	keys=159	CameraProfile=Camera Flat Monochrome	LensProfileDigest=BDFADD245438D5343CC1F5F75E7E8232	LensProfileDistortionScale=100	LensProfileEnable=1	LensProfileIsEmbedded=true	LensProfileName=Camera Settings	LensProfileSetup=LensDefaults	LensProfileVignettingScale=100
2026-09-23T21:11:25 (local time)	20260907-_OZ80093.NEF	ProcessVersion=15.4	keys=159	CameraProfile=Group: Camera Monochrome	LensProfileDigest=BDFADD245438D5343CC1F5F75E7E8232	LensProfileDistortionScale=100	LensProfileEnable=1	LensProfileIsEmbedded=true	LensProfileName=Camera Settings	LensProfileSetup=LensDefaults	LensProfileVignettingScale=100
2026-09-23T21:11:34 (local time)	20260907-_OZ80093.NEF	ProcessVersion=15.4	keys=159	CameraProfile=Camera Monochrome (Green Filter)	LensProfileDigest=BDFADD245438D5343CC1F5F75E7E8232	LensProfileDistortionScale=100	LensProfileEnable=1	LensProfileIsEmbedded=true	LensProfileName=Camera Settings	LensProfileSetup=LensDefaults	LensProfileVignettingScale=100
2026-09-23T21:11:43 (local time)	20260907-_OZ80093.NEF	ProcessVersion=15.4	keys=159	CameraProfile=Camera Monochrome (Orange Filter)	LensProfileDigest=BDFADD245438D5343CC1F5F75E7E8232	LensProfileDistortionScale=100	LensProfileEnable=1	LensProfileIsEmbedded=true	LensProfileName=Camera Settings	LensProfileSetup=LensDefaults	LensProfileVignettingScale=100
2026-09-23T21:11:53 (local time)	20260907-_OZ80093.NEF	ProcessVersion=15.4	keys=159	CameraProfile=Camera Monochrome (Red Filter)	LensProfileDigest=BDFADD245438D5343CC1F5F75E7E8232	LensProfileDistortionScale=100	LensProfileEnable=1	LensProfileIsEmbedded=true	LensProfileName=Camera Settings	LensProfileSetup=LensDefaults	LensProfileVignettingScale=100
2026-09-23T21:12:01 (local time)	20260907-_OZ80093.NEF	ProcessVersion=15.4	keys=159	CameraProfile=Camera Monochrome (Yellow Filter)	LensProfileDigest=BDFADD245438D5343CC1F5F75E7E8232	LensProfileDistortionScale=100	LensProfileEnable=1	LensProfileIsEmbedded=true	LensProfileName=Camera Settings	LensProfileSetup=LensDefaults	LensProfileVignettingScale=100
2026-09-23T21:12:11 (local time)	20260907-_OZ80093.NEF	ProcessVersion=15.4	keys=178	CameraProfile=Camera Standard	LensProfileDigest=BDFADD245438D5343CC1F5F75E7E8232	LensProfileDistortionScale=100	LensProfileEnable=1	LensProfileIsEmbedded=true	LensProfileName=Camera Settings	LensProfileSetup=LensDefaults	LensProfileVignettingScale=100
2026-09-23T21:12:24 (local time)	20260907-_OZ80093.NEF	ProcessVersion=15.4	keys=178	CameraProfile=Camera Standard	LensProfileDigest=BDFADD245438D5343CC1F5F75E7E8232	LensProfileDistortionScale=100	LensProfileEnable=1	LensProfileIsEmbedded=true	LensProfileName=Camera Settings	LensProfileSetup=LensDefaults	LensProfileVignettingScale=100
2026-09-23T21:12:34 (local time)	20260907-_OZ80093.NEF	ProcessVersion=15.4	keys=178	CameraProfile=Camera Standard	LensProfileDigest=BDFADD245438D5343CC1F5F75E7E8232	LensProfileDistortionScale=100	LensProfileEnable=1	LensProfileIsEmbedded=true	LensProfileName=Camera Settings	LensProfileSetup=LensDefaults	LensProfileVignettingScale=100
2026-09-23T21:12:43 (local time)	20260907-_OZ80093.NEF	ProcessVersion=15.4	keys=178	CameraProfile=Camera Standard	LensProfileDigest=BDFADD245438D5343CC1F5F75E7E8232	LensProfileDistortionScale=100	LensProfileEnable=1	LensProfileIsEmbedded=true	LensProfileName=Camera Settings	LensProfileSetup=LensDefaults	LensProfileVignettingScale=100
2026-09-23T21:12:58 (local time)	20260907-_OZ80093.NEF	ProcessVersion=15.4	keys=178	CameraProfile=Camera Standard	LensProfileDigest=BDFADD245438D5343CC1F5F75E7E8232	LensProfileDistortionScale=100	LensProfileEnable=1	LensProfileIsEmbedded=true	LensProfileName=Camera Settings	LensProfileSetup=LensDefaults	LensProfileVignettingScale=100
2026-09-23T21:13:11 (local time)	20260907-_OZ80093.NEF	ProcessVersion=15.4	keys=178	CameraProfile=Camera Standard	LensProfileDigest=BDFADD245438D5343CC1F5F75E7E8232	LensProfileDistortionScale=100	LensProfileEnable=1	LensProfileIsEmbedded=true	LensProfileName=Camera Settings	LensProfileSetup=LensDefaults	LensProfileVignettingScale=100
2026-09-23T21:13:21 (local time)	20260907-_OZ80093.NEF	ProcessVersion=15.4	keys=178	CameraProfile=Camera Standard	LensProfileDigest=BDFADD245438D5343CC1F5F75E7E8232	LensProfileDistortionScale=100	LensProfileEnable=1	LensProfileIsEmbedded=true	LensProfileName=Camera Settings	LensProfileSetup=LensDefaults	LensProfileVignettingScale=100
2026-09-23T21:13:32 (local time)	20260907-_OZ80093.NEF	ProcessVersion=15.4	keys=178	CameraProfile=Camera Standard	LensProfileDigest=BDFADD245438D5343CC1F5F75E7E8232	LensProfileDistortionScale=100	LensProfileEnable=1	LensProfileIsEmbedded=true	LensProfileName=Camera Settings	LensProfileSetup=LensDefaults	LensProfileVignettingScale=100
2026-09-23T21:13:41 (local time)	20260907-_OZ80093.NEF	ProcessVersion=15.4	keys=178	CameraProfile=Camera Standard	LensProfileDigest=BDFADD245438D5343CC1F5F75E7E8232	LensProfileDistortionScale=100	LensProfileEnable=1	LensProfileIsEmbedded=true	LensProfileName=Camera Settings	LensProfileSetup=LensDefaults	LensProfileVignettingScale=100
2026-09-23T21:13:50 (local time)	20260907-_OZ80093.NEF	ProcessVersion=15.4	keys=178	CameraProfile=Camera Standard	LensProfileDigest=BDFADD245438D5343CC1F5F75E7E8232	LensProfileDistortionScale=100	LensProfileEnable=1	LensProfileIsEmbedded=true	LensProfileName=Camera Settings	LensProfileSetup=LensDefaults	LensProfileVignettingScale=100
2026-09-23T21:13:58 (local time)	20260907-_OZ80093.NEF	ProcessVersion=15.4	keys=178	CameraProfile=Camera Standard	LensProfileDigest=BDFADD245438D5343CC1F5F75E7E8232	LensProfileDistortionScale=100	LensProfileEnable=1	LensProfileIsEmbedded=true	LensProfileName=Camera Settings	LensProfileSetup=LensDefaults	LensProfileVignettingScale=100
2026-09-23T21:14:09 (local time)	20260907-_OZ80093.NEF	ProcessVersion=15.4	keys=178	CameraProfile=Camera Standard	LensProfileDigest=BDFADD245438D5343CC1F5F75E7E8232	LensProfileDistortionScale=100	LensProfileEnable=1	LensProfileIsEmbedded=true	LensProfileName=Camera Settings	LensProfileSetup=LensDefaults	LensProfileVignettingScale=100
2026-09-23T21:14:19 (local time)	20260907-_OZ80093.NEF	ProcessVersion=15.4	keys=178	CameraProfile=Camera Standard	LensProfileDigest=BDFADD245438D5343CC1F5F75E7E8232	LensProfileDistortionScale=100	LensProfileEnable=1	LensProfileIsEmbedded=true	LensProfileName=Camera Settings	LensProfileSetup=LensDefaults	LensProfileVignettingScale=100
2026-09-23T21:14:29 (local time)	20260907-_OZ80093.NEF	ProcessVersion=15.4	keys=178	CameraProfile=Camera Standard	LensProfileDigest=BDFADD245438D5343CC1F5F75E7E8232	LensProfileDistortionScale=100	LensProfileEnable=1	LensProfileIsEmbedded=true	LensProfileName=Camera Settings	LensProfileSetup=LensDefaults	LensProfileVignettingScale=100
2026-09-23T21:14:38 (local time)	20260907-_OZ80093.NEF	ProcessVersion=15.4	keys=178	CameraProfile=Camera Standard	LensProfileDigest=BDFADD245438D5343CC1F5F75E7E8232	LensProfileDistortionScale=100	LensProfileEnable=1	LensProfileIsEmbedded=true	LensProfileName=Camera Settings	LensProfileSetup=LensDefaults	LensProfileVignettingScale=100
2026-09-23T21:14:49 (local time)	20260907-_OZ80093.NEF	ProcessVersion=15.4	keys=178	CameraProfile=Camera Standard	LensProfileDigest=BDFADD245438D5343CC1F5F75E7E8232	LensProfileDistortionScale=100	LensProfileEnable=1	LensProfileIsEmbedded=true	LensProfileName=Camera Settings	LensProfileSetup=LensDefaults	LensProfileVignettingScale=100
2026-09-23T21:14:58 (local time)	20260907-_OZ80093.NEF	ProcessVersion=15.4	keys=178	CameraProfile=Camera Standard	LensProfileDigest=BDFADD245438D5343CC1F5F75E7E8232	LensProfileDistortionScale=100	LensProfileEnable=1	LensProfileIsEmbedded=true	LensProfileName=Camera Settings	LensProfileSetup=LensDefaults	LensProfileVignettingScale=100
2026-09-23T21:15:09 (local time)	20260907-_OZ80093.NEF	ProcessVersion=15.4	keys=178	CameraProfile=Camera Standard	LensProfileDigest=BDFADD245438D5343CC1F5F75E7E8232	LensProfileDistortionScale=100	LensProfileEnable=1	LensProfileIsEmbedded=true	LensProfileName=Camera Settings	LensProfileSetup=LensDefaults	LensProfileVignettingScale=100
2026-09-23T21:16:16 (local time)	20260110-_Z8A0138-DxO_DeepPRIME XD3.dng	ProcessVersion=15.4	keys=173	CameraProfile=Adobe Standard	LensProfileEnable=0	LensProfileSetup=LensDefaults
2026-09-23T21:16:37 (local time)	20260110-_Z8A0138-DxO_DeepPRIME XD3.dng	ProcessVersion=15.4	keys=155	CameraProfile=Adobe Standard	LensProfileEnable=0	LensProfileSetup=LensDefaults
2026-09-23T21:16:46 (local time)	20260110-_Z8A0138-DxO_DeepPRIME XD3.dng	ProcessVersion=15.4	keys=173	CameraProfile=Adobe Standard	LensProfileEnable=0	LensProfileSetup=LensDefaults
2026-09-23T21:16:57 (local time)	20260110-_Z8A0138-DxO_DeepPRIME XD3.dng	ProcessVersion=15.4	keys=173	CameraProfile=Adobe Standard	LensProfileEnable=0	LensProfileSetup=LensDefaults
2026-09-23T21:17:37 (local time)	20260110-_Z8A0138-DxO_DeepPRIME XD3.dng	ProcessVersion=15.4	keys=173	CameraProfile=Adobe Standard	LensProfileEnable=0	LensProfileSetup=LensDefaults
2026-09-23T21:17:46 (local time)	20260110-_Z8A0138-DxO_DeepPRIME XD3.dng	ProcessVersion=15.4	keys=172	CameraProfile=Adobe Standard	LensProfileEnable=0	LensProfileSetup=LensDefaults
2026-09-23T21:17:55 (local time)	20260110-_Z8A0138-DxO_DeepPRIME XD3.dng	ProcessVersion=15.4	keys=173	CameraProfile=Adobe Standard	LensProfileEnable=0	LensProfileSetup=LensDefaults
2026-09-23T21:18:05 (local time)	20260110-_Z8A0138-DxO_DeepPRIME XD3.dng	ProcessVersion=15.4	keys=172	CameraProfile=Group: Camera Flat	LensProfileEnable=0	LensProfileSetup=LensDefaults
2026-09-23T21:18:13 (local time)	20260110-_Z8A0138-DxO_DeepPRIME XD3.dng	ProcessVersion=15.4	keys=172	CameraProfile=Camera Flexible Color	LensProfileEnable=0	LensProfileSetup=LensDefaults
2026-09-23T21:18:21 (local time)	20260110-_Z8A0138-DxO_DeepPRIME XD3.dng	ProcessVersion=15.4	keys=172	CameraProfile=Camera Landscape	LensProfileEnable=0	LensProfileSetup=LensDefaults
2026-09-23T21:18:29 (local time)	20260110-_Z8A0138-DxO_DeepPRIME XD3.dng	ProcessVersion=15.4	keys=172	CameraProfile=Camera Neutral	LensProfileEnable=0	LensProfileSetup=LensDefaults
2026-09-23T21:18:37 (local time)	20260110-_Z8A0138-DxO_DeepPRIME XD3.dng	ProcessVersion=15.4	keys=172	CameraProfile=Camera Portrait	LensProfileEnable=0	LensProfileSetup=LensDefaults
2026-09-23T21:18:45 (local time)	20260110-_Z8A0138-DxO_DeepPRIME XD3.dng	ProcessVersion=15.4	keys=172	CameraProfile=Camera Rich Tone Portrait	LensProfileEnable=0	LensProfileSetup=LensDefaults
2026-09-23T21:18:55 (local time)	20260110-_Z8A0138-DxO_DeepPRIME XD3.dng	ProcessVersion=15.4	keys=172	CameraProfile=Group: Camera Standard	LensProfileEnable=0	LensProfileSetup=LensDefaults
2026-09-23T21:19:03 (local time)	20260110-_Z8A0138-DxO_DeepPRIME XD3.dng	ProcessVersion=15.4	keys=172	CameraProfile=Camera Vivid	LensProfileEnable=0	LensProfileSetup=LensDefaults
2026-09-23T21:19:13 (local time)	20260110-_Z8A0138-DxO_DeepPRIME XD3.dng	ProcessVersion=15.4	keys=154	CameraProfile=Camera Deep Tone Monochrome	LensProfileEnable=0	LensProfileSetup=LensDefaults
2026-09-23T21:19:21 (local time)	20260110-_Z8A0138-DxO_DeepPRIME XD3.dng	ProcessVersion=15.4	keys=154	CameraProfile=Camera Flat Monochrome	LensProfileEnable=0	LensProfileSetup=LensDefaults
2026-09-23T21:19:30 (local time)	20260110-_Z8A0138-DxO_DeepPRIME XD3.dng	ProcessVersion=15.4	keys=154	CameraProfile=Group: Camera Monochrome	LensProfileEnable=0	LensProfileSetup=LensDefaults
2026-09-23T21:19:38 (local time)	20260110-_Z8A0138-DxO_DeepPRIME XD3.dng	ProcessVersion=15.4	keys=154	CameraProfile=Camera Monochrome (Green Filter)	LensProfileEnable=0	LensProfileSetup=LensDefaults
2026-09-23T21:19:49 (local time)	20260110-_Z8A0138-DxO_DeepPRIME XD3.dng	ProcessVersion=15.4	keys=154	CameraProfile=Camera Monochrome (Orange Filter)	LensProfileEnable=0	LensProfileSetup=LensDefaults
2026-09-23T21:20:02 (local time)	20260110-_Z8A0138-DxO_DeepPRIME XD3.dng	ProcessVersion=15.4	keys=154	CameraProfile=Camera Monochrome (Red Filter)	LensProfileEnable=0	LensProfileSetup=LensDefaults
2026-09-23T21:20:11 (local time)	20260110-_Z8A0138-DxO_DeepPRIME XD3.dng	ProcessVersion=15.4	keys=154	CameraProfile=Camera Monochrome (Yellow Filter)	LensProfileEnable=0	LensProfileSetup=LensDefaults
2026-09-23T21:20:19 (local time)	20260110-_Z8A0138-DxO_DeepPRIME XD3.dng	ProcessVersion=15.4	keys=173	CameraProfile=Camera Standard	LensProfileEnable=0	LensProfileSetup=LensDefaults
2026-09-23T21:20:32 (local time)	20260110-_Z8A0138-DxO_DeepPRIME XD3.dng	ProcessVersion=15.4	keys=173	CameraProfile=Camera Standard	LensProfileEnable=0	LensProfileSetup=LensDefaults
2026-09-23T21:20:42 (local time)	20260110-_Z8A0138-DxO_DeepPRIME XD3.dng	ProcessVersion=15.4	keys=173	CameraProfile=Camera Standard	LensProfileEnable=0	LensProfileSetup=LensDefaults
2026-09-23T21:20:54 (local time)	20260110-_Z8A0138-DxO_DeepPRIME XD3.dng	ProcessVersion=15.4	keys=173	CameraProfile=Camera Standard	LensProfileEnable=0	LensProfileSetup=LensDefaults
2026-09-23T21:21:05 (local time)	20260110-_Z8A0138-DxO_DeepPRIME XD3.dng	ProcessVersion=15.4	keys=173	CameraProfile=Camera Standard	LensProfileEnable=0	LensProfileSetup=LensDefaults
2026-09-23T21:21:16 (local time)	20260110-_Z8A0138-DxO_DeepPRIME XD3.dng	ProcessVersion=15.4	keys=173	CameraProfile=Camera Standard	LensProfileEnable=0	LensProfileSetup=LensDefaults
2026-09-23T21:21:24 (local time)	20260110-_Z8A0138-DxO_DeepPRIME XD3.dng	ProcessVersion=15.4	keys=173	CameraProfile=Camera Standard	LensProfileEnable=0	LensProfileSetup=LensDefaults
2026-09-23T21:21:39 (local time)	20260110-_Z8A0138-DxO_DeepPRIME XD3.dng	ProcessVersion=15.4	keys=173	CameraProfile=Camera Standard	LensProfileEnable=0	LensProfileSetup=LensDefaults
2026-09-23T21:22:45 (local time)	20260110-_Z8A0138-DxO_DeepPRIME XD3.dng	ProcessVersion=15.4	keys=173	CameraProfile=Camera Standard	LensProfileEnable=0	LensProfileSetup=LensDefaults
2026-09-23T21:22:54 (local time)	20260110-_Z8A0138-DxO_DeepPRIME XD3.dng	ProcessVersion=15.4	keys=173	CameraProfile=Camera Standard	LensProfileEnable=0	LensProfileSetup=LensDefaults
2026-09-23T21:23:04 (local time)	20260110-_Z8A0138-DxO_DeepPRIME XD3.dng	ProcessVersion=15.4	keys=173	CameraProfile=Camera Standard	LensProfileEnable=0	LensProfileSetup=LensDefaults
2026-09-23T21:23:16 (local time)	20260110-_Z8A0138-DxO_DeepPRIME XD3.dng	ProcessVersion=15.4	keys=173	CameraProfile=Camera Standard	LensProfileEnable=0	LensProfileSetup=LensDefaults
2026-09-23T21:23:25 (local time)	20260110-_Z8A0138-DxO_DeepPRIME XD3.dng	ProcessVersion=15.4	keys=173	CameraProfile=Camera Standard	LensProfileEnable=0	LensProfileSetup=LensDefaults
2026-09-23T21:23:35 (local time)	20260110-_Z8A0138-DxO_DeepPRIME XD3.dng	ProcessVersion=15.4	keys=173	CameraProfile=Camera Standard	LensProfileEnable=0	LensProfileSetup=LensDefaults
2026-09-23T21:23:58 (local time)	20260110-_Z8A0138-DxO_DeepPRIME XD3.dng	ProcessVersion=15.4	keys=173	CameraProfile=Camera Standard	LensProfileEnable=0	LensProfileSetup=LensDefaults
2026-09-23T21:24:09 (local time)	20260110-_Z8A0138-DxO_DeepPRIME XD3.dng	ProcessVersion=15.4	keys=173	CameraProfile=Camera Standard	LensProfileEnable=0	LensProfileSetup=LensDefaults
2026-09-23T21:39:31 (local time)	20260110-_Z8A0138-DxO_DeepPRIME XD3.dng	ProcessVersion=15.4	keys=173	CameraProfile=Camera Standard	LensProfileEnable=0	LensProfileSetup=LensDefaults
